{
    "unmapped_txt": {
        "content": [
            [
                [
                    {
                        "id": "test"
                    },
                    "test.unmapped.txt:md5,7391d10df6e15db356b084c9af5259e4"
                ]
            ]
        ],
        "timestamp": "2023-12-01T13:57:40.748507"
    },
    "versions": {
        "content": [
            [
                "versions.yml:md5,205d9c609e7fe27d8199550d842bdce8"
            ]
        ],
        "timestamp": "2023-12-01T13:57:40.752414"
    }
}