{
    "sarscov2-genome_gff3-stub": {
        "content": [
            {
                "0": [
                    [
                        {
                            "id": "test"
                        },
                        "test.gff:md5,d41d8cd98f00b204e9800998ecf8427e"
                    ]
                ],
                "1": [
                    "versions.yml:md5,ace24108f514da465e068372b18d4651"
                ],
                "gff": [
                    [
                        {
                            "id": "test"
                        },
                        "test.gff:md5,d41d8cd98f00b204e9800998ecf8427e"
                    ]
                ],
                "versions": [
                    "versions.yml:md5,ace24108f514da465e068372b18d4651"
                ]
            }
        ],
        "meta": {
            "nf-test": "0.8.4",
            "nextflow": "23.10.1"
        },
        "timestamp": "2024-04-02T13:29:56.638311"
    },
    "sarscov2-genome_gff3": {
        "content": [
            {
                "0": [
                    [
                        {
                            "id": "test"
                        },
                        "test.gff:md5,df19e1b84ba6f691d20c72b397c88abf"
                    ]
                ],
                "1": [
                    "versions.yml:md5,ace24108f514da465e068372b18d4651"
                ],
                "gff": [
                    [
                        {
                            "id": "test"
                        },
                        "test.gff:md5,df19e1b84ba6f691d20c72b397c88abf"
                    ]
                ],
                "versions": [
                    "versions.yml:md5,ace24108f514da465e068372b18d4651"
                ]
            }
        ],
        "meta": {
            "nf-test": "0.8.4",
            "nextflow": "23.10.1"
        },
        "timestamp": "2024-04-02T13:11:42.236263"
    }
}