{
    "short fasta - error - terminate gracefully": {
        "content": [
            {
                "successful tasks": 0,
                "versions": {
                    "Workflow": {
                        "plant-food-research-open/genepal": "v0.5.0dev"
                    }
                },
                "stable paths": [
                    
                ]
            }
        ],
        "meta": {
            "nf-test": "0.9.0",
            "nextflow": "24.04.4"
        },
        "timestamp": "2024-10-22T11:39:43.110621"
    }
}